stm32f1xx_it.c:83:6:NMI_Handler	4	static
stm32f1xx_it.c:98:6:HardFault_Handler	4	static
stm32f1xx_it.c:113:6:MemManage_Handler	4	static
stm32f1xx_it.c:128:6:BusFault_Handler	4	static
stm32f1xx_it.c:143:6:UsageFault_Handler	4	static
stm32f1xx_it.c:158:6:DebugMon_Handler	4	static
stm32f1xx_it.c:178:6:DMA1_Channel6_IRQHandler	8	static
stm32f1xx_it.c:192:6:TIM1_UP_IRQHandler	8	static
stm32f1xx_it.c:206:6:TIM3_IRQHandler	8	static
stm32f1xx_it.c:220:6:USART1_IRQHandler	8	static
stm32f1xx_it.c:232:6:HAL_TIM_IC_CaptureCallback	24	static
stm32f1xx_it.c:288:6:HAL_GPIO_EXTI_Callback	16	static,ignoring_inline_asm
